09-05 02:08:26 server snapshot ok
remote: 
remote: Create a pull request for 'data' on GitHub by visiting:        
remote:      https://github.com/asimfish/safeot-dashboard/pull/new/data        
remote: 
09-05 02:08:34 pushed
09-05 02:10:43 server snapshot ok
09-05 02:10:57 pushed
09-05 02:18:46 pushed
09-05 02:21:11 server snapshot ok
09-05 02:21:19 pushed
09-05 02:25:09 server snapshot ok
09-05 02:25:16 pushed
09-05 02:31:25 server snapshot ok
09-05 02:31:29 pushed
09-05 02:41:41 server snapshot ok
09-05 02:41:54 pushed
09-05 02:52:11 server snapshot ok
09-05 02:52:18 pushed
09-05 03:02:31 server snapshot ok
09-05 03:02:40 pushed
09-05 03:10:17 server snapshot ok
09-05 03:10:29 pushed
09-05 03:12:57 server snapshot ok
09-05 03:13:05 pushed
09-05 03:23:15 server snapshot ok
09-05 03:23:24 pushed
09-05 03:33:39 server snapshot ok
09-05 03:33:48 pushed
09-05 03:43:56 server snapshot ok
09-05 03:44:02 pushed
09-05 03:54:36 server snapshot ok
09-05 03:54:49 pushed
09-05 04:05:44 server snapshot ok
09-05 04:06:05 pushed
09-05 04:16:15 server snapshot ok
09-05 04:16:20 pushed
09-05 04:26:32 server snapshot ok
09-05 04:26:35 pushed
09-05 04:36:43 server snapshot ok
09-05 04:36:49 pushed
09-05 04:47:30 server snapshot ok
09-05 04:47:37 pushed
09-05 04:58:21 server snapshot ok
09-05 04:58:33 pushed
09-05 05:09:08 server snapshot ok
09-05 05:09:20 pushed
09-05 05:19:29 server snapshot ok
09-05 05:19:35 pushed
09-05 05:30:18 server snapshot ok
09-05 05:30:30 pushed
09-05 05:41:27 server snapshot ok
09-05 05:41:48 pushed
09-05 05:51:55 server snapshot ok
09-05 05:51:58 pushed
09-05 06:02:03 server snapshot ok
09-05 06:02:06 pushed
09-05 06:12:10 server snapshot ok
09-05 06:12:13 pushed
09-05 06:22:18 server snapshot ok
09-05 06:22:21 pushed
09-05 06:32:26 server snapshot ok
09-05 06:32:29 pushed
09-05 06:42:34 server snapshot ok
09-05 06:42:37 pushed
09-05 06:52:43 server snapshot ok
09-05 06:52:46 pushed
09-05 07:02:51 server snapshot ok
09-05 07:02:53 pushed
09-05 07:12:58 server snapshot ok
09-05 07:13:01 pushed
09-05 07:23:06 server snapshot ok
09-05 07:23:09 pushed
09-05 07:33:15 server snapshot ok
09-05 07:33:17 pushed
09-05 07:43:22 server snapshot ok
09-05 07:43:25 pushed
09-05 07:53:29 server snapshot ok
09-05 07:53:32 pushed
09-05 08:03:37 server snapshot ok
09-05 08:03:39 pushed
09-05 08:13:45 server snapshot ok
09-05 08:13:48 pushed
09-05 08:23:53 server snapshot ok
09-05 08:23:56 pushed
09-05 08:34:01 server snapshot ok
09-05 08:34:04 pushed
09-05 08:44:09 server snapshot ok
09-05 08:44:11 pushed
09-05 08:54:17 server snapshot ok
09-05 08:54:19 pushed
09-05 09:04:24 server snapshot ok
09-05 09:04:27 pushed
09-05 09:14:32 server snapshot ok
09-05 09:14:35 pushed
09-05 09:24:42 server snapshot ok
09-05 09:24:44 pushed
09-05 09:34:49 server snapshot ok
09-05 09:34:52 pushed
09-05 09:44:56 server snapshot ok
09-05 09:44:59 pushed
09-05 09:55:04 server snapshot ok
09-05 09:55:08 pushed
09-05 10:05:13 server snapshot ok
09-05 10:05:16 pushed
09-05 10:15:21 server snapshot ok
09-05 10:15:25 pushed
09-05 10:25:29 server snapshot ok
09-05 10:25:33 pushed
09-05 10:35:37 server snapshot ok
09-05 10:35:40 pushed
09-05 10:45:44 server snapshot ok
09-05 10:45:47 pushed
09-05 10:55:52 server snapshot ok
09-05 10:55:57 pushed
09-05 11:06:01 server snapshot ok
09-05 11:06:04 pushed
09-05 11:16:08 server snapshot ok
09-05 11:16:11 pushed
09-05 11:26:16 server snapshot ok
09-05 11:26:18 pushed
09-05 11:36:23 server snapshot ok
09-05 11:36:25 pushed
09-05 11:46:30 server snapshot ok
09-05 11:46:33 pushed
09-05 11:56:37 server snapshot ok
09-05 11:56:40 pushed
09-05 12:06:44 server snapshot ok
09-05 12:06:47 pushed
09-05 12:16:52 server snapshot ok
09-05 12:16:55 pushed
09-05 12:26:59 server snapshot ok
09-05 12:27:02 pushed
09-05 12:37:07 server snapshot ok
09-05 12:37:10 pushed
09-05 12:47:14 server snapshot ok
09-05 12:47:18 pushed
09-05 12:57:22 server snapshot ok
09-05 12:57:25 pushed
09-05 13:07:29 server snapshot ok
09-05 13:07:33 pushed
09-05 13:17:37 server snapshot ok
09-05 13:17:41 pushed
09-05 13:27:46 server snapshot ok
09-05 13:27:49 pushed
09-05 13:37:54 server snapshot ok
09-05 13:37:57 pushed
09-05 13:48:01 server snapshot ok
09-05 13:48:04 pushed
09-05 13:58:08 server snapshot ok
09-05 13:58:11 pushed
09-05 14:08:15 server snapshot ok
09-05 14:08:18 pushed
09-05 14:18:23 server snapshot ok
09-05 14:18:27 pushed
09-05 14:28:32 server snapshot ok
09-05 14:28:35 pushed
09-05 14:38:40 server snapshot ok
09-05 14:38:43 pushed
09-05 14:48:47 server snapshot ok
09-05 14:48:50 pushed
09-05 14:58:54 server snapshot ok
09-05 14:58:57 pushed
09-05 15:09:01 server snapshot ok
09-05 15:09:05 pushed
09-05 15:19:11 server snapshot ok
09-05 15:19:14 pushed
09-05 15:29:18 server snapshot ok
09-05 15:29:21 pushed
09-05 15:39:33 server snapshot ok
09-05 15:39:39 pushed
09-05 15:49:43 server snapshot ok
09-05 15:49:47 pushed
09-05 15:56:23 server unreachable, keeping old runs.json
09-05 15:56:35 no change
09-05 16:06:44 server snapshot ok
09-05 16:06:47 pushed
09-05 16:16:52 server snapshot ok
09-05 16:16:54 pushed
09-05 16:27:02 server snapshot ok
09-05 16:27:08 pushed
09-05 16:28:21 server snapshot ok
09-05 16:28:26 pushed
09-05 16:37:14 server snapshot ok
09-05 16:37:19 pushed
09-05 16:47:23 server snapshot ok
09-05 16:47:27 pushed
09-05 16:57:32 server snapshot ok
09-05 16:57:38 pushed
09-05 17:07:45 server snapshot ok
09-05 17:07:49 pushed
09-05 17:17:54 server snapshot ok
09-05 17:17:57 pushed
09-05 17:28:03 server snapshot ok
09-05 17:28:06 pushed
09-05 17:38:12 server snapshot ok
09-05 17:38:15 pushed
09-05 17:48:20 server snapshot ok
09-05 17:48:22 pushed
09-05 17:58:27 server snapshot ok
09-05 17:58:29 pushed
09-05 18:08:34 server snapshot ok
09-05 18:08:36 pushed
09-05 18:18:46 server snapshot ok
09-05 18:18:50 pushed
09-05 18:24:17 server snapshot ok
09-05 18:24:21 pushed
09-05 18:28:59 server snapshot ok
09-05 18:29:03 pushed
09-05 18:38:43 30109 snapshot ok
09-05 18:38:43 aliyun snapshot ok
09-05 18:38:46 pushed
09-05 18:39:09 30109 snapshot ok
09-05 18:39:09 aliyun snapshot ok
09-05 18:39:14 pushed
09-05 18:40:58 pushed
09-05 18:49:27 30109 snapshot ok
09-05 18:49:27 aliyun snapshot ok
To https://github.com/asimfish/safeot-dashboard.git
 ! [rejected]        data -> data (fetch first)
error: failed to push some refs to 'https://github.com/asimfish/safeot-dashboard.git'
hint: Updates were rejected because the remote contains work that you do not
hint: have locally. This is usually caused by another repository pushing to
hint: the same ref. If you want to integrate the remote changes, use
hint: 'git pull' before pushing again.
hint: See the 'Note about fast-forwards' in 'git push --help' for details.
09-05 18:59:37 30109 snapshot ok
09-05 18:59:37 aliyun snapshot ok
To https://github.com/asimfish/safeot-dashboard.git
 ! [rejected]        data -> data (fetch first)
error: failed to push some refs to 'https://github.com/asimfish/safeot-dashboard.git'
hint: Updates were rejected because the remote contains work that you do not
hint: have locally. This is usually caused by another repository pushing to
hint: the same ref. If you want to integrate the remote changes, use
hint: 'git pull' before pushing again.
hint: See the 'Note about fast-forwards' in 'git push --help' for details.
09-05 19:09:49 30109 snapshot ok
09-05 19:09:49 aliyun snapshot ok
To https://github.com/asimfish/safeot-dashboard.git
 ! [rejected]        data -> data (fetch first)
error: failed to push some refs to 'https://github.com/asimfish/safeot-dashboard.git'
hint: Updates were rejected because the remote contains work that you do not
hint: have locally. This is usually caused by another repository pushing to
hint: the same ref. If you want to integrate the remote changes, use
hint: 'git pull' before pushing again.
hint: See the 'Note about fast-forwards' in 'git push --help' for details.
09-05 19:14:26 30109 snapshot ok
09-05 19:14:27 aliyun snapshot ok
09-05 19:14:27 volc snapshot ok
To https://github.com/asimfish/safeot-dashboard.git
 ! [rejected]        data -> data (fetch first)
error: failed to push some refs to 'https://github.com/asimfish/safeot-dashboard.git'
hint: Updates were rejected because the remote contains work that you do not
hint: have locally. This is usually caused by another repository pushing to
hint: the same ref. If you want to integrate the remote changes, use
hint: 'git pull' before pushing again.
hint: See the 'Note about fast-forwards' in 'git push --help' for details.
